csrf_tokenThe CSRF token is missing.
csrf_tokenThe CSRF token is missing.
csrf_token: The CSRF token is missing.
csrf_token: The CSRF token is missing.
csrf_token: The CSRF token is missing.
